// Jest Snapshot v1, https://goo.gl/fbAQLP

exports[`renders correctly 1`] = `
<header
  className="Header"
>
  <h1
    className="Header__main"
  >
    Create a new account
  </h1>
  <h2
    className="Header__sub-heading mt-0 mb-m"
  >
    It's quick and easy.
  </h2>
</header>
`;
