// Jest Snapshot v1, https://goo.gl/fbAQLP

exports[`renders correctly 1`] = `
<select
  name="test"
>
  <option
    value=""
  >
    no value
  </option>
  <option
    value={1}
  >
    test
  </option>
</select>
`;
